+ HIST=2837d9a74cafd0d32031c502586d6df9aa711e0f
+ TMPBR=tmp-glyph-repair-diagnostic
+ git fetch origin tmp-glyph-repair-diagnostic:refs/remotes/origin/tmp-glyph-repair-diagnostic
+ echo FETCH_RC=0
FETCH_RC=0
+ git cat-file -t 2837d9a74cafd0d32031c502586d6df9aa711e0f
commit
+ echo HIST_RC=0
HIST_RC=0
+ :
+ for part in 0 1 2
+ git show origin/tmp-glyph-repair-diagnostic:tmp/glyph_repair/row1.part0.b64
+ echo ROW1_PART_0_RC=0
ROW1_PART_0_RC=0
+ for part in 0 1 2
+ git show origin/tmp-glyph-repair-diagnostic:tmp/glyph_repair/row1.part1.b64
+ echo ROW1_PART_1_RC=0
ROW1_PART_1_RC=0
+ for part in 0 1 2
+ git show origin/tmp-glyph-repair-diagnostic:tmp/glyph_repair/row1.part2.b64
+ echo ROW1_PART_2_RC=0
ROW1_PART_2_RC=0
+ :
+ for part in 00 01
+ git show 2837d9a74cafd0d32031c502586d6df9aa711e0f:resources/glyphs/staging/row3.b64.00
+ echo ROW3_PART_00_RC=0
ROW3_PART_00_RC=0
+ for part in 00 01
+ git show 2837d9a74cafd0d32031c502586d6df9aa711e0f:resources/glyphs/staging/row3.b64.01
+ echo ROW3_PART_01_RC=0
ROW3_PART_01_RC=0
+ wc -c /tmp/ns-glyph-repair/row1.b64 /tmp/ns-glyph-repair/row3.b64
35592 /tmp/ns-glyph-repair/row1.b64
12972 /tmp/ns-glyph-repair/row3.b64
48564 total
+ tr -d '\r\n '
+ base64 -d
+ echo ROW1_DECODE_RC=0
ROW1_DECODE_RC=0
+ tr -d '\r\n '
+ base64 -d
+ echo ROW3_DECODE_RC=0
ROW3_DECODE_RC=0
+ ls -l /tmp/ns-glyph-repair/row1.png /tmp/ns-glyph-repair/row3.png
-rw-r--r-- 1 runner runner 26693 Aug 31 15:58 /tmp/ns-glyph-repair/row1.png
-rw-r--r-- 1 runner runner  9729 Aug 31 15:58 /tmp/ns-glyph-repair/row3.png
+ sha256sum /tmp/ns-glyph-repair/row1.png /tmp/ns-glyph-repair/row3.png
111ad93079fb333e6d081c04f1d5c6190694a71494ebafa60ed7e150a40b0647  /tmp/ns-glyph-repair/row1.png
61ce7ff7ff3222edcfece4e30ad75dd843fdf3400e21b0337d664d0af8e875b9  /tmp/ns-glyph-repair/row3.png
+ file /tmp/ns-glyph-repair/row1.png /tmp/ns-glyph-repair/row3.png
/tmp/ns-glyph-repair/row1.png: PNG image data, 648 x 72, 8-bit colormap, non-interlaced
/tmp/ns-glyph-repair/row3.png: PNG image data, 864 x 96, 8-bit/color RGBA, non-interlaced
+ cp /tmp/ns-glyph-repair/row1.png resources/glyphs/northstar_dashboard_row1.png
+ echo ROW1_COPY_RC=0
ROW1_COPY_RC=0
+ cp /tmp/ns-glyph-repair/row3.png resources/glyphs/northstar_dashboard_row3.png
+ echo ROW3_COPY_RC=0
ROW3_COPY_RC=0
+ python3 ci/patch_build_glyph_smoke.py
+ echo PATCH_GATE_RC=0
PATCH_GATE_RC=0
+ bash build.sh
FLATLAF_THEME_SMOKE_OK 25 themes
NorthStar dashboard glyph row failed to load: /glyphs/northstar_dashboard_row3.png - Error reading PNG image data
Exception in thread "main" java.lang.IllegalStateException: NorthStar dashboard glyph failed to load: safety_milestone
	at GlyphSmokeTest.main(GlyphSmokeTest.java:18)
